python : [03/29/26 
15:50:17] ERROR    
Pydantic Validation Error 
for      screener.py:976
At line:1 char:1
+ python test_mcp.py > 
test_output.txt 2>&1
+ ~~~~~~~~~~~~~~~~~~~~~~~~~
~~~~~~~~~~~~~~~~
    + CategoryInfo         
     : NotSpecified: ([03  
  /29/26 15:50...screene   
 r.py:976:String) [], R    
emoteException
    + FullyQualifiedErrorI 
   d : NativeCommandError
 
                           
  RELIANCE.NS: 1 
validation error           
        
                           
  for StockDataPayload     
                         
                           
  PEG_Ratio                
                         
                           
    Input should be a 
valid number               
   
                           
  [type=float_type,        
                         
                           
  input_value=None,        
                         
                           
  input_type=NoneType]     
                         
                           
      For further 
information visit          
       
                           
  https://errors.pydantic.d
ev/2.12/v                
                           
  /float_type              
                         
Testing get_market_regime...
Current Market Regime (HMM): BEARISH

Testing analyze_ticker for RELIANCE.NS...
Benchmark (Nifty) 6M Return: -7.52%
   AV earnings fetch failed for RELIANCE.NS: invalid syntax (alpha_vantage.py, line 8)
Traceback (most recent 
call last):
  File "D:\Tradeidesa\Multi
bagger\test_mcp.py", line 
14, in <module>
    asyncio.run(test())
  File "C:\Users\JYOTHI\App
Data\Local\Programs\Python\
Python312\Lib\asyncio\runne
rs.py", line 195, in run
    return runner.run(main)
           ^^^^^^^^^^^^^^^^
  File "C:\Users\JYOTHI\App
Data\Local\Programs\Python\
Python312\Lib\asyncio\runne
rs.py", line 118, in run
    return self._loop.run_u
ntil_complete(task)
           ^^^^^^^^^^^^^^^^
^^^^^^^^^^^^^^^^^^^
  File "C:\Users\JYOTHI\App
Data\Local\Programs\Python\
Python312\Lib\asyncio\base_
events.py", line 691, in 
run_until_complete
    return future.result()
           ^^^^^^^^^^^^^^^
  File "D:\Tradeidesa\Multi
bagger\test_mcp.py", line 
11, in test
    print(analysis)
  File "C:\Users\JYOTHI\App
Data\Local\Programs\Python\
Python312\Lib\encodings\cp1
252.py", line 19, in encode
    return codecs.charmap_e
ncode(input,self.errors,enc
oding_table)[0]
           ^^^^^^^^^^^^^^^^
^^^^^^^^^^^^^^^^^^^^^^^^^^^
^^^^^^^^^^^^
UnicodeEncodeError: 
'charmap' codec can't 
encode character '\u20b9' 
in position 84: character 
maps to <undefined>
